5/27/2026 12:06:54 AM	This log contains information about the import schema operation into project 'Database_TMDT' on computer 'NHUTTANLAPTOP' by user 'nhuttan'.
5/27/2026 12:06:56 AM	Import of database schema has started.
5/27/2026 12:07:03 AM	Gathering database credentials
5/27/2026 12:07:03 AM	Gathering database options
5/27/2026 12:07:03 AM	Gathering generic database scoped configuration option
5/27/2026 12:07:03 AM	Gathering users
5/27/2026 12:07:03 AM	Gathering roles
5/27/2026 12:07:03 AM	Gathering application roles
5/27/2026 12:07:03 AM	Gathering role memberships
5/27/2026 12:07:03 AM	Gathering filegroups
5/27/2026 12:07:03 AM	Gathering full-text catalogs
5/27/2026 12:07:03 AM	Gathering assemblies
5/27/2026 12:07:03 AM	Gathering certificates
5/27/2026 12:07:03 AM	Gathering asymmetric keys
5/27/2026 12:07:03 AM	Gathering symmetric keys
5/27/2026 12:07:03 AM	Gathering encrypted symmetric keys
5/27/2026 12:07:03 AM	Gathering schemas
5/27/2026 12:07:03 AM	Gathering XML schema collections
5/27/2026 12:07:03 AM	Gathering user-defined data types
5/27/2026 12:07:03 AM	Gathering user-defined types
5/27/2026 12:07:03 AM	Gathering table types
5/27/2026 12:07:03 AM	Gathering unique keys for table types
5/27/2026 12:07:03 AM	Gathering primary keys for table types
5/27/2026 12:07:03 AM	Gathering indexes for table types
5/27/2026 12:07:03 AM	Gathering check constraints for table types
5/27/2026 12:07:03 AM	Gathering default constraints for table types
5/27/2026 12:07:03 AM	Gathering partition functions
5/27/2026 12:07:03 AM	Gathering partition schemes
5/27/2026 12:07:03 AM	Gathering functions
5/27/2026 12:07:03 AM	Gathering encrypted functions
5/27/2026 12:07:03 AM	Gathering aggregates
5/27/2026 12:07:03 AM	Gathering procedures
5/27/2026 12:07:03 AM	Gathering encrypted procedures
5/27/2026 12:07:03 AM	Gathering tables
5/27/2026 12:07:03 AM	Gathering primary keys
5/27/2026 12:07:03 AM	Gathering unique constraints
5/27/2026 12:07:03 AM	Gathering foreign keys
5/27/2026 12:07:03 AM	Gathering default constraints
5/27/2026 12:07:04 AM	Gathering check constraints
5/27/2026 12:07:04 AM	Gathering views
5/27/2026 12:07:04 AM	Gathering encrypted views
5/27/2026 12:07:04 AM	Gathering indexes
5/27/2026 12:07:04 AM	Gathering statistics
5/27/2026 12:07:04 AM	Gathering full-text index stoplists
5/27/2026 12:07:04 AM	Gathering search property lists
5/27/2026 12:07:04 AM	Gathering search properties
5/27/2026 12:07:04 AM	Gathering full-text indexes
5/27/2026 12:07:04 AM	Gathering column store indexes
5/27/2026 12:07:04 AM	Gathering spatial indexes
5/27/2026 12:07:04 AM	Gathering XML indexes
5/27/2026 12:07:04 AM	Gathering Selective XML indexes
5/27/2026 12:07:04 AM	Gathering encrypted triggers
5/27/2026 12:07:04 AM	Gathering triggers
5/27/2026 12:07:04 AM	Gathering encrypted and clr ddl triggers
5/27/2026 12:07:04 AM	Gathering ddl triggers
5/27/2026 12:07:04 AM	Creating edge constraints
5/27/2026 12:07:04 AM	Gathering synonyms
5/27/2026 12:07:04 AM	Gathering defaults
5/27/2026 12:07:04 AM	Gathering data constraint uddt bindings
5/27/2026 12:07:04 AM	Gathering rules
5/27/2026 12:07:04 AM	Gathering data constraint uddt bindings
5/27/2026 12:07:04 AM	Gathering message types
5/27/2026 12:07:04 AM	Gathering queues
5/27/2026 12:07:04 AM	Gathering contracts
5/27/2026 12:07:04 AM	Gathering services
5/27/2026 12:07:04 AM	Gathering event notifications
5/27/2026 12:07:04 AM	Gathering remote service bindings
5/27/2026 12:07:04 AM	Gathering broker priorities
5/27/2026 12:07:04 AM	Gathering signatures
5/27/2026 12:07:04 AM	Gathering compression options
5/27/2026 12:07:04 AM	Gathering sequence types
5/27/2026 12:07:04 AM	Gathering security policies
5/27/2026 12:07:04 AM	Gather column encryption keys
5/27/2026 12:07:04 AM	Gathering column master keys
5/27/2026 12:07:04 AM	Gathering external data sources
5/27/2026 12:07:04 AM	Gathering external file formats
5/27/2026 12:07:04 AM	Gathering external tables
5/27/2026 12:07:04 AM	Gathering XML index compression options
5/27/2026 12:07:04 AM	Gathering extended properties
5/27/2026 12:07:04 AM	Gathering assemblies
5/27/2026 12:07:04 AM	Gathering credentials
5/27/2026 12:07:04 AM	Gathering logins
5/27/2026 12:07:04 AM	Gathering server audits
5/27/2026 12:07:05 AM	Scanning project for duplicate elements
5/27/2026 12:07:09 AM	Finished duplicate element processing
5/27/2026 12:07:18 AM	Finished importing database.
5/27/2026 12:07:18 AM	A summary of the import was saved to the following location: D:\TMDT_HK2_2025_2026\Database_TMDT\Import Schema Logs\Database_TMDT_20260526050654.log
5/27/2026 12:07:18 AM	Click Finish to continue...
